Writing filtered delta file /bip7_disk/jyunhong_104/sequenceRenameByCoordinate/test/scerevisiae/quast_results/results_2017_10_30_12_59_18/contigs_reports/nucmer_output/reNameResult.filter
Reading delta file /bip7_disk/jyunhong_104/sequenceRenameByCoordinate/test/scerevisiae/quast_results/results_2017_10_30_12_59_18/contigs_reports/nucmer_output/reNameResult.delta
Writing plot files /bip7_disk/jyunhong_104/sequenceRenameByCoordinate/test/scerevisiae/quast_results/results_2017_10_30_12_59_18/contigs_reports/nucmer_output/reNameResult.fplot, /bip7_disk/jyunhong_104/sequenceRenameByCoordinate/test/scerevisiae/quast_results/results_2017_10_30_12_59_18/contigs_reports/nucmer_output/reNameResult.rplot
Writing gnuplot script /bip7_disk/jyunhong_104/sequenceRenameByCoordinate/test/scerevisiae/quast_results/results_2017_10_30_12_59_18/contigs_reports/nucmer_output/reNameResult.gp
Rendering plot /bip7_disk/jyunhong_104/sequenceRenameByCoordinate/test/scerevisiae/quast_results/results_2017_10_30_12_59_18/contigs_reports/nucmer_output/reNameResult.html
